neg/D2004-11-17_14h54m39s.jpg
neg/D2004-11-18_01h51m47s.jpg
neg/D2004-11-18_13h35m07s.jpg
neg/D2004-11-18_18h11m57s.jpg
neg/dsc00009.jpg
neg/dsc00179.jpg
neg/dsc00182.jpg
neg/dsc00197.jpg
neg/dsc00208.jpg
neg/dsc00232.jpg
neg/no_person__no_bike_003.png
neg/no_person__no_bike_006.png
neg/no_person__no_bike_009.png
neg/no_person__no_bike_012.png
neg/no_person__no_bike_015.png
neg/no_person__no_bike_018.png
neg/no_person__no_bike_021.png
neg/no_person__no_bike_024.png
neg/no_person__no_bike_027.png
neg/no_person__no_bike_030.png
neg/no_person__no_bike_033.png
neg/no_person__no_bike_036.png
neg/no_person__no_bike_039.png
neg/no_person__no_bike_042.png
neg/no_person__no_bike_045.png
neg/no_person__no_bike_048.png
neg/no_person__no_bike_051.png
neg/no_person__no_bike_054.png
neg/no_person__no_bike_057.png
neg/no_person__no_bike_060.png
neg/no_person__no_bike_063.png
neg/no_person__no_bike_066.png
neg/no_person__no_bike_069.png
neg/no_person__no_bike_072.png
neg/no_person__no_bike_075.png
neg/no_person__no_bike_078.png
neg/no_person__no_bike_081.png
neg/no_person__no_bike_084.png
neg/no_person__no_bike_087.png
neg/no_person__no_bike_090.png
neg/no_person__no_bike_093.png
neg/no_person__no_bike_096.png
neg/no_person__no_bike_099.png
neg/no_person__no_bike_102.png
neg/no_person__no_bike_105.png
neg/no_person__no_bike_108.png
neg/no_person__no_bike_111.png
neg/no_person__no_bike_114.png
neg/no_person__no_bike_117.png
neg/no_person__no_bike_120.png
neg/no_person__no_bike_123.png
neg/no_person__no_bike_126.png
neg/no_person__no_bike_129.png
neg/no_person__no_bike_132.png
neg/no_person__no_bike_135.png
neg/no_person__no_bike_138.png
neg/no_person__no_bike_141.png
neg/no_person__no_bike_144.png
neg/no_person__no_bike_148.png
neg/no_person__no_bike_151.png
neg/no_person__no_bike_154.png
neg/no_person__no_bike_157.png
neg/no_person__no_bike_160.png
neg/no_person__no_bike_163.png
neg/no_person__no_bike_167.png
neg/no_person__no_bike_170.png
neg/no_person__no_bike_173.png
neg/no_person__no_bike_176.png
neg/no_person__no_bike_179.png
neg/no_person__no_bike_182.png
neg/no_person__no_bike_185.png
neg/no_person__no_bike_188.png
neg/no_person__no_bike_191.png
neg/no_person__no_bike_194.png
neg/no_person__no_bike_197.png
neg/no_person__no_bike_200.png
neg/no_person__no_bike_203.png
neg/no_person__no_bike_206.png
neg/no_person__no_bike_209.png
neg/no_person__no_bike_212.png
neg/no_person__no_bike_215.png
neg/no_person__no_bike_218.png
neg/no_person__no_bike_221.png
neg/no_person__no_bike_224.png
neg/no_person__no_bike_227.png
neg/no_person__no_bike_230.png
neg/no_person__no_bike_233.png
neg/no_person__no_bike_236.png
neg/no_person__no_bike_239.png
neg/no_person__no_bike_242.png
neg/no_person__no_bike_245.png
neg/no_person__no_bike_248.png
neg/no_person__no_bike_251.png
neg/no_person__no_bike_254.png
neg/no_person__no_bike_257.png
neg/no_person__no_bike_260.png
neg/no_person__no_bike_263.png
neg/no_person__no_bike_266.png
neg/no_person__no_bike_270.png
neg/no_person__no_bike_273.png