yale/01/s1.bmp
yale/01/s10.bmp
yale/01/s11.bmp
yale/01/s2.bmp
yale/01/s3.bmp
yale/01/s4.bmp
yale/01/s5.bmp
yale/01/s6.bmp
yale/01/s7.bmp
yale/01/s8.bmp
yale/01/s9.bmp
yale/02/s1.bmp
yale/02/s10.bmp
yale/02/s11.bmp
yale/02/s2.bmp
yale/02/s3.bmp
yale/02/s4.bmp
yale/02/s5.bmp
yale/02/s6.bmp
yale/02/s7.bmp
yale/02/s8.bmp
yale/02/s9.bmp
yale/03/s1.bmp
yale/03/s10.bmp
yale/03/s11.bmp
yale/03/s2.bmp
yale/03/s3.bmp
yale/03/s4.bmp
yale/03/s5.bmp
yale/03/s6.bmp
yale/03/s7.bmp
yale/03/s8.bmp
yale/03/s9.bmp
yale/04/s1.bmp
yale/04/s10.bmp
yale/04/s11.bmp
yale/04/s2.bmp
yale/04/s3.bmp
yale/04/s4.bmp
yale/04/s5.bmp
yale/04/s6.bmp
yale/04/s7.bmp
yale/04/s8.bmp
yale/04/s9.bmp
yale/05/s1.bmp
yale/05/s10.bmp
yale/05/s11.bmp
yale/05/s2.bmp
yale/05/s3.bmp
yale/05/s4.bmp
yale/05/s5.bmp
yale/05/s6.bmp
yale/05/s7.bmp
yale/05/s8.bmp
yale/05/s9.bmp
yale/06/s1.bmp
yale/06/s10.bmp
yale/06/s11.bmp
yale/06/s2.bmp
yale/06/s3.bmp
yale/06/s4.bmp
yale/06/s5.bmp
yale/06/s6.bmp
yale/06/s7.bmp
yale/06/s8.bmp
yale/06/s9.bmp
yale/07/s1.bmp
yale/07/s10.bmp
yale/07/s11.bmp
yale/07/s2.bmp
yale/07/s3.bmp
yale/07/s4.bmp
yale/07/s5.bmp
yale/07/s6.bmp
yale/07/s7.bmp
yale/07/s8.bmp
yale/07/s9.bmp
yale/08/s1.bmp
yale/08/s10.bmp
yale/08/s11.bmp
yale/08/s2.bmp
yale/08/s3.bmp
yale/08/s4.bmp
yale/08/s5.bmp
yale/08/s6.bmp
yale/08/s7.bmp
yale/08/s8.bmp
yale/08/s9.bmp
yale/09/s1.bmp
yale/09/s10.bmp
yale/09/s11.bmp
yale/09/s2.bmp
yale/09/s3.bmp
yale/09/s4.bmp
yale/09/s5.bmp
yale/09/s6.bmp
yale/09/s7.bmp
yale/09/s8.bmp
yale/09/s9.bmp
yale/10/s1.bmp